Microchip MPLAB XC8 Compiler V1.45 ()

Linker command line:

--edf=C:\Program Files (x86)\Microchip\xc8\v1.45\dat\en_msgs.txt -cs \
  -h+dist/default/production\Adri.X_-_pic16f.production.sym \
  --cmf=dist/default/production\Adri.X_-_pic16f.production.cmf -z -w9 \
  --disl=596:off --norlf -Q16F628A \
  -oC:\Users\mateu\AppData\Local\Temp\s4b8.2 \
  -Mdist/default/production/Adri.X_-_pic16f.production.map -E1 -ver=XC8 \
  -ACODE=00h-07FFh -ASTRCODE=00h-07FFh -ASTRING=00h-0FFhx8 \
  -ACONST=00h-0FFhx8 -AENTRY=00h-0FFhx8 -ACOMMON=070h-07Fh \
  -ABANK0=020h-06Fh -ABANK1=0A0h-0EFh -ABANK2=0120h-014Fh \
  -ARAM=020h-06Fh,0A0h-0EFh,0120h-014Fh \
  -AABS1=020h-07Fh,0A0h-0EFh,0120h-014Fh -ASFR0=00h-01Fh -ASFR1=080h-09Fh \
  -ASFR2=0100h-011Fh -ASFR3=0180h-01EFh \
  -preset_vec=00h,intentry,init,end_init -ppowerup=CODE -pcinit=CODE \
  -pfunctab=ENTRY -ACONFIG=02007h-02007h -pconfig=CONFIG -DCONFIG=2 \
  -AIDLOC=02000h-02003h -pidloc=IDLOC -DIDLOC=2 -AEEDATA=00h-07Fh/02100h \
  -peeprom_data=EEDATA -DEEDATA=2 -DCODE=2 -DSTRCODE=2 -DSTRING=2 -DCONST=2 \
  -DENTRY=2 -k C:\Users\mateu\AppData\Local\Temp\s4b8.obj \
  dist/default/production\Adri.X_-_pic16f.production.obj 

Object code version is 3.11

Machine type is 16F628A



                Name                               Link     Load   Length Selector   Space Scale
C:\Users\mateu\AppData\Local\Temp\s4b8.obj
                end_init                              C        C        2        0       0
dist/default/production\Adri.X_-_pic16f.production.obj
                cinit                               7ED      7ED       13      FDA       0
                intentry                              0        0        C        0       0
                text26                              115      115       59      22A       0
                text25                               29       29       4B       52       0
                text24                                E        E       1B        0       0
                text23                              231      231       71      462       0
                text22                                0        0       11        0       0
                text21                               11       11        8        0       0
                text20                              1C9      1C9       68      392       0
                text19                              4D5      4D5      17C      9AA       0
                text18                               19       19        8        0       0
                text17                               21       21       41        0       0
                text16                              2A2      2A2       72      544       0
                text15                               62       62       15        0       0
                text14                              42C      42C       A9      858       0
                text13                               C1       C1       54      182       0
                text12                              16E      16E       5B      2DC       0
                text11                               74       74       4D       E8       0
                text10                               77       77       13        0       0
                text9                                8A       8A       23        0       0
                text8                               651      651      19C      CA2       0
                text7                               392      392       9A      724       0
                text6                                AD       AD       2B        0       0
                text5                                D8       D8        A        0       0
                text4                                E2       E2       41        0       0
                text3                               314      314       7E      628       0
                text2                               123      123       1C        0       0
                text1                               13F      13F       14        0       0
                maintext                            153      153        D        0       0
                cstackBANK0                          20       20       26       20       1
                cstackCOMMON                         70       70        E       70       1
                cstackBANK1                          B4       B4        9       A0       1
                clrtext                             160      160        8        0       0
                bssBANK1                             A0       A0       14       A0       1
                dataBANK0                            58       58        4       20       1
                bssBANK0                             46       46       12       20       1
                nvBANK0                              5C       5C        2       20       1
                idataBANK0                          168      168        4        0       0

TOTAL           Name                               Link     Load   Length     Space
        CLASS   CODE           
                end_init                              C        C        2         0
                cinit                               7ED      7ED       13         0
                intentry                              0        0        C         0
                text26                              115      115       59         0
                text25                               29       29       4B         0
                text24                                E        E       1B         0
                text23                              231      231       71         0
                text22                                0        0       11         0
                text21                               11       11        8         0
                text20                              1C9      1C9       68         0
                text19                              4D5      4D5      17C         0
                text18                               19       19        8         0
                text17                               21       21       41         0
                text16                              2A2      2A2       72         0
                text15                               62       62       15         0
                text14                              42C      42C       A9         0
                text13                               C1       C1       54         0
                text12                              16E      16E       5B         0
                text11                               74       74       4D         0
                text10                               77       77       13         0
                text9                                8A       8A       23         0
                text8                               651      651      19C         0
                text7                               392      392       9A         0
                text6                                AD       AD       2B         0
                text5                                D8       D8        A         0
                text4                                E2       E2       41         0
                text3                               314      314       7E         0
                text2                               123      123       1C         0
                text1                               13F      13F       14         0
                maintext                            153      153        D         0
                clrtext                             160      160        8         0
                idataBANK0                          168      168        4         0

        CLASS   STRCODE        

        CLASS   STRING         

        CLASS   CONST          

        CLASS   ENTRY          

        CLASS   COMMON         
                cstackCOMMON                         70       70        E         1

        CLASS   BANK0          
                cstackBANK0                          20       20       26         1
                dataBANK0                            58       58        4         1
                bssBANK0                             46       46       12         1
                nvBANK0                              5C       5C        2         1

        CLASS   BANK1          
                cstackBANK1                          B4       B4        9         1
                bssBANK1                             A0       A0       14         1

        CLASS   BANK2          

        CLASS   RAM            

        CLASS   ABS1           
                abs_s1                               7E       7E        2         1

        CLASS   SFR0           

        CLASS   SFR1           

        CLASS   SFR2           

        CLASS   SFR3           

        CLASS   CONFIG         

        CLASS   IDLOC          

        CLASS   EEDATA         

        CLASS   BANK3          

        CLASS   STACK          



SEGMENTS        Name                           Load    Length   Top    Selector   Space  Class     Delta

                reset_vec                      000000  000029  000029         0       0  CODE        2
                cstackBANK0                    000020  00003E  00005E        20       1  BANK0       1
                text25                         000029  00004B  000074        52       0  CODE        2
                cstackCOMMON                   000070  00000E  00007E        70       1  COMMON      1
                bssBANK1                       0000A0  00001D  0000BD        A0       1  BANK1       1
                text11                         000074  00004D  0000C1        E8       0  CODE        2
                text13                         0000C1  000054  000115       182       0  CODE        2
                text26                         000115  000059  00016E       22A       0  CODE        2
                text12                         00016E  00005B  0001C9       2DC       0  CODE        2
                text20                         0001C9  000068  000231       392       0  CODE        2
                text23                         000231  000071  0002A2       462       0  CODE        2
                text16                         0002A2  000072  000314       544       0  CODE        2
                text3                          000314  00007E  000392       628       0  CODE        2
                text7                          000392  00009A  00042C       724       0  CODE        2
                text14                         00042C  0000A9  0004D5       858       0  CODE        2
                text19                         0004D5  00017C  000651       9AA       0  CODE        2
                text8                          000651  00019C  0007ED       CA2       0  CODE        2
                cinit                          0007ED  000013  000800       FDA       0  CODE        2


UNUSED ADDRESS RANGES

        Name                Unused          Largest block    Delta
        BANK0            005E-006F             12           1
        BANK1            00BD-00EF             33           1
        BANK2            0120-014F             30           1
        CONFIG           2007-2007              1           2
        EEDATA           2100-217F             80           2
        IDLOC            2000-2003              4           2
        RAM              005E-006F             12           1
                         00BD-00EF             33
                         0120-014F             30
        SFR0             0000-001F             20           1
        SFR1             0080-009F             20           1
        SFR2             0100-011F             20           1
        SFR3             0180-01EF             70           1

                                  Symbol Table

?___awdiv                        cstackBANK0  0034
?___awmod                        cstackBANK0  0034
__CFG_BOREN$OFF                  (abs)        0000
__CFG_CP$OFF                     (abs)        0000
__CFG_CPD$OFF                    (abs)        0000
__CFG_FOSC$INTOSCIO              (abs)        0000
__CFG_LVP$OFF                    (abs)        0000
__CFG_MCLRE$OFF                  (abs)        0000
__CFG_PWRTE$OFF                  (abs)        0000
__CFG_WDTE$OFF                   (abs)        0000
__Habs1                          abs1         0000
__Hbank0                         bank0        0000
__Hbank1                         bank1        0000
__Hbank2                         bank2        0000
__Hbank3                         bank3        0000
__Hclrtext                       clrtext      0000
__Hcode                          code         0000
__Hcommon                        common       0000
__Hconfig                        config       0000
__Heeprom_data                   eeprom_data  0000
__Hfunctab                       functab      0000
__Hidloc                         idloc        0000
__Hmaintext                      maintext     0000
__Hpowerup                       powerup      0000
__Hram                           ram          0000
__Hreset_vec                     reset_vec    0000
__Hsfr0                          sfr0         0000
__Hsfr1                          sfr1         0000
__Hsfr2                          sfr2         0000
__Hsfr3                          sfr3         0000
__Hspace_2                       (abs)        0000
__Hspace_3                       (abs)        0000
__Hstack                         stack        0000
__Hstrings                       strings      0000
__Htext                          text         0000
__Labs1                          abs1         0000
__Lbank0                         bank0        0000
__Lbank1                         bank1        0000
__Lbank2                         bank2        0000
__Lbank3                         bank3        0000
__Lclrtext                       clrtext      0000
__Lcode                          code         0000
__Lcommon                        common       0000
__Lconfig                        config       0000
__Leeprom_data                   eeprom_data  0000
__Lfunctab                       functab      0000
__Lidloc                         idloc        0000
__Lintentry                      intentry     0000
__Lmaintext                      maintext     0000
__Lpowerup                       powerup      0000
__Lram                           ram          0000
__Lreset_vec                     reset_vec    0000
__Lsfr0                          sfr0         0000
__Lsfr1                          sfr1         0000
__Lsfr2                          sfr2         0000
__Lsfr3                          sfr3         0000
__Lspace_0                       (abs)        0000
__Lspace_1                       (abs)        0000
__Lspace_2                       (abs)        0000
__Lspace_3                       (abs)        0000
__Lstack                         stack        0000
__Lstrings                       strings      0000
__Ltext                          text         0000
__S3                             (abs)        0000
___int_sp                        stack        0000
___latbits                       (abs)        0000
___sp                            stack        0000
__pintentry                      intentry     0000
__ptext22                        text22       0000
__size_of___awdiv                (abs)        0000
__size_of___awmod                (abs)        0000
__size_of___bmul                 (abs)        0000
__size_of_aciona                 (abs)        0000
__size_of_atualiza_relogio       (abs)        0000
__size_of_atualiza_relogio_blue  (abs)        0000
__size_of_atualiza_remedio       (abs)        0000
__size_of_atualiza_variaveis     (abs)        0000
__size_of_cadastra_relogio       (abs)        0000
__size_of_comunica               (abs)        0000
__size_of_configura_pic          (abs)        0000
__size_of_configura_uart         (abs)        0000
__size_of_controle_servo         (abs)        0000
__size_of_enviaDados             (abs)        0000
__size_of_envia_dados_da_memoria (abs)        0000
__size_of_envia_teste            (abs)        0000
__size_of_grava_eeprom           (abs)        0000
__size_of_incrementa_min         (abs)        0000
__size_of_le_eeprom              (abs)        0000
__size_of_main                   (abs)        0000
__size_of_serial                 (abs)        0000
__size_of_verifica               (abs)        0000
__size_ofi1___awdiv              (abs)        0000
__size_ofi1___awmod              (abs)        0000
__size_ofi1___bmul               (abs)        0000
__size_ofi1_grava_eeprom         (abs)        0000
__size_ofi1_le_eeprom            (abs)        0000
i1___bmul                        text22       0000
interrupt_function               intentry     0000
intlevel0                        functab      0000
intlevel1                        functab      0000
intlevel2                        functab      0000
intlevel3                        functab      0000
intlevel4                        functab      0000
intlevel5                        functab      0000
reset_vec                        reset_vec    0000
stackhi                          (abs)        0000
stacklo                          (abs)        0000
_TMR0                            (abs)        0001
_PORTA                           (abs)        0005
_PORTBbits                       (abs)        0006
_RCSTA                           (abs)        0018
__Hinit                          init         000C
__Hintentry                      intentry     000C
__Lend_init                      end_init     000C
__Linit                          init         000C
start                            init         000C
_TXREG                           (abs)        0019
_RCREG                           (abs)        001A
__Hend_init                      end_init     000E
__ptext24                        text24       000E
i1_grava_eeprom                  text24       000E
_CMCON                           (abs)        001F
__pcstackBANK0                   cstackBANK0  0020
verifica@count                   cstackBANK0  0020
__end_ofi1___bmul                text22       0011
__ptext21                        text21       0011
i1_le_eeprom                     text21       0011
atualiza_relogio_blue@i          cstackBANK0  0023
_comunica$760                    cstackBANK0  0028
_RA1                             (abs)        0029
le_eeprom@address                cstackBANK0  002E
_RB0                             (abs)        0030
___bmul@multiplicand             cstackBANK0  0030
controle_servo@numero_do_remedio cstackBANK0  0030
___bmul@product                  cstackBANK0  0032
__end_ofi1_le_eeprom             text21       0019
__ptext18                        text18       0019
_enviaDados                      text18       0019
___bmul@multiplier               cstackBANK0  0033
___awdiv@divisor                 cstackBANK0  0034
___awmod@divisor                 cstackBANK0  0034
___awdiv@dividend                cstackBANK0  0036
___awmod@dividend                cstackBANK0  0036
atualiza_variaveis@count         cstackBANK0  0036
___awdiv@counter                 cstackBANK0  0039
___awmod@counter                 cstackBANK0  0039
___awdiv@sign                    cstackBANK0  003A
___awmod@sign                    cstackBANK0  003A
___awdiv@quotient                cstackBANK0  003B
grava_eeprom@address             cstackBANK0  003D
grava_eeprom@data                cstackBANK0  003F
__end_of_enviaDados              text18       0021
__ptext17                        text17       0021
_atualiza_remedio$761            cstackBANK0  0042
_envia_dados_da_memoria          text17       0021
atualiza_remedio@dados           cstackBANK0  0043
atualiza_remedio@count           cstackBANK0  0044
__pbssBANK0                      bssBANK0     0046
_string                          bssBANK0     0046
_pendencia_remedio               bssBANK0     004B
_add_d_hora                      bssBANK0     004F
_seg                             bssBANK0     0050
_botao                           bssBANK0     0051
__end_ofi1_grava_eeprom          text24       0029
__ptext25                        text25       0029
_led                             bssBANK0     0052
i1___awmod                       text25       0029
_dado                            bssBANK0     0053
_flag                            bssBANK0     0054
_libera                          bssBANK0     0055
_in                              bssBANK0     0056
_i                               bssBANK0     0057
__pdataBANK0                     dataBANK0    0058
_add_passo                       dataBANK0    0058
_INTF                            (abs)        0059
_add_u_minuto                    dataBANK0    0059
_T0IF                            (abs)        005A
_TMR0IF                          (abs)        005A
_add_d_minuto                    dataBANK0    005A
_add_u_hora                      dataBANK0    005B
_Hora                            nvBANK0      005C
_INTE                            (abs)        005C
__pnvBANK0                       nvBANK0      005C
_Min                             nvBANK0      005D
_T0IE                            (abs)        005D
_PEIE                            (abs)        005E
_GIE                             (abs)        005F
_TXIF                            (abs)        0064
_RCIF                            (abs)        0065
_EEIF                            (abs)        0067
?i1___awdiv                      cstackCOMMON 0070
?i1___awmod                      cstackCOMMON 0070
__pcstackCOMMON                  cstackCOMMON 0070
enviaDados@dados                 cstackCOMMON 0070
i1___awdiv@divisor               cstackCOMMON 0070
i1___awmod@divisor               cstackCOMMON 0070
i1le_eeprom@address              cstackCOMMON 0070
i1___awdiv@dividend              cstackCOMMON 0072
i1___awmod@dividend              cstackCOMMON 0072
i1___bmul@multiplicand           cstackCOMMON 0072
i1___bmul@product                cstackCOMMON 0074
i1___awdiv@counter               cstackCOMMON 0075
i1___awmod@counter               cstackCOMMON 0075
i1___bmul@multiplier             cstackCOMMON 0075
i1___awdiv@sign                  cstackCOMMON 0076
i1___awmod@sign                  cstackCOMMON 0076
envia_dados_da_memoria@indice    cstackCOMMON 0077
i1___awdiv@quotient              cstackCOMMON 0077
i1grava_eeprom@address           cstackCOMMON 0079
i1grava_eeprom@data              cstackCOMMON 007B
btemp                            (abs)        007E
saved_w                          (abs)        007E
wtemp0                           (abs)        007E
_OPTION_REG                      (abs)        0081
_TXSTA                           (abs)        0098
_SPBRG                           (abs)        0099
_EEDATA                          (abs)        009A
_EEADR                           (abs)        009B
_EECON2                          (abs)        009D
__pbssBANK1                      bssBANK1     00A0
_remedio                         bssBANK1     00A0
__pcstackBANK1                   cstackBANK1  00B4
__Hspace_1                       (abs)        00BD
__S1                             (abs)        00BD
__end_of_envia_dados_da_memoria  text17       0062
__ptext15                        text15       0062
_incrementa_min                  text15       0062
___awmod                         text11       0074
__end_ofi1___awmod               text25       0074
__ptext11                        text11       0074
___bmul                          text10       0077
__end_of_incrementa_min          text15       0077
__ptext10                        text10       0077
__end_of___bmul                  text10       008A
__ptext9                         text9        008A
_grava_eeprom                    text9        008A
__end_of_grava_eeprom            text9        00AD
__ptext6                         text6        00AD
_aciona                          text6        00AD
__end_of___awmod                 text11       00C1
__ptext13                        text13       00C1
_serial                          text13       00C1
__end_of_aciona                  text6        00D8
__ptext5                         text5        00D8
_le_eeprom                       text5        00D8
__end_of_le_eeprom               text5        00E2
__ptext4                         text4        00E2
_atualiza_relogio                text4        00E2
__end_of_serial                  text13       0115
__ptext26                        text26       0115
i1___awdiv                       text26       0115
__end_of_atualiza_relogio        text4        0123
__ptext2                         text2        0123
_configura_pic                   text2        0123
__end_of_configura_pic           text2        013F
__ptext1                         text1        013F
_configura_uart                  text1        013F
__end_of_configura_uart          text1        0153
__pmaintext                      maintext     0153
_main                            maintext     0153
__HcstackBANK0                   cstackBANK0  02C0
__HcstackBANK1                   cstackBANK1  02C0
__HcstackCOMMON                  cstackCOMMON 02C0
__LcstackBANK0                   cstackBANK0  02C0
__LcstackBANK1                   cstackBANK1  02C0
__LcstackCOMMON                  cstackCOMMON 02C0
__end_of_main                    maintext     0160
clear_ram0                       clrtext      0160
__HbssBANK0                      bssBANK0     02D0
__HbssBANK1                      bssBANK1     02D0
__HdataBANK0                     dataBANK0    02D0
__HidataBANK0                    idataBANK0   02D0
__HnvBANK0                       nvBANK0      02D0
__LbssBANK0                      bssBANK0     02D0
__LbssBANK1                      bssBANK1     02D0
__LdataBANK0                     dataBANK0    02D0
__LidataBANK0                    idataBANK0   02D0
__LnvBANK0                       nvBANK0      02D0
__pidataBANK0                    idataBANK0   0168
___awdiv                         text12       016E
__end_ofi1___awdiv               text26       016E
__ptext12                        text12       016E
__end_of___awdiv                 text12       01C9
__ptext20                        text20       01C9
_atualiza_relogio_blue           text20       01C9
_INTEDG                          (abs)        040E
_TRISA1                          (abs)        0429
_TRISB0                          (abs)        0430
_TRISB2                          (abs)        0432
_TRISB7                          (abs)        0437
__end_of_atualiza_relogio_blue   text20       0231
__ptext23                        text23       0231
_cadastra_relogio                text23       0231
_RCIE                            (abs)        0465
_RD                              (abs)        04E0
_WR                              (abs)        04E1
_WREN                            (abs)        04E2
__end_of_cadastra_relogio        text23       02A2
__ptext16                        text16       02A2
_envia_teste                     text16       02A2
__end_of_envia_teste             text16       0314
__ptext3                         text3        0314
_atualiza_variaveis              text3        0314
__end_of_atualiza_variaveis      text3        0392
__ptext7                         text7        0392
_controle_servo                  text7        0392
__Hspace_0                       (abs)        0800
__S0                             (abs)        0800
__end_of_controle_servo          text7        042C
__ptext14                        text14       042C
_verifica                        text14       042C
__end_of_verifica                text14       04D5
__ptext19                        text19       04D5
_comunica                        text19       04D5
__end_of_comunica                text19       0651
__ptext8                         text8        0651
_atualiza_remedio                text8        0651
__Lcinit                         cinit        07ED
__end_of_atualiza_remedio        text8        07ED
__initialization                 cinit        07ED
__end_of__initialization         cinit        07FE
start_initialization             cinit        07ED
end_of_initialization            cinit        07FE
__Hcinit                         cinit        0800
