Microchip MPLAB XC8 Compiler V1.45 ()

Linker command line:

--edf=C:\Program Files (x86)\Microchip\xc8\v1.45\dat\en_msgs.txt -cs \
  -h+dist/default/production\Adri.X.production.sym \
  --cmf=dist/default/production\Adri.X.production.cmf -z -Q18F4550 \
  -oC:\Users\mateu\AppData\Local\Temp\s6ds.2 \
  -Mdist/default/production/Adri.X.production.map -E1 -ver=XC8 \
  -ASTACK=086h-07ffh -pstack=STACK -ACODE=00h-07FFFh -ACONST=00h-07FFFh \
  -ASMALLCONST=0800h-08FFhx120 -AMEDIUMCONST=0800h-07FFFh -ACOMRAM=01h-05Fh \
  -AABS1=00h-07FFh -ABIGRAM=01h-07FFh -ARAM=060h-0FFh,0100h-01FFhx7 \
  -ABANK0=060h-0FFh -ABANK1=0100h-01FFh -ABANK2=0200h-02FFh \
  -ABANK3=0300h-03FFh -ABANK4=0400h-04FFh -ABANK5=0500h-05FFh \
  -ABANK6=0600h-06FFh -ABANK7=0700h-07FFh -ASFR=0F60h-0FFFh \
  -preset_vec=00h,intcode=08h,intcodelo,powerup,init -pramtop=0800h \
  -psmallconst=SMALLCONST -pmediumconst=MEDIUMCONST -pconst=CONST \
  -AFARRAM=00h-00h -ACONFIG=0300000h-030000Dh -pconfig=CONFIG \
  -AIDLOC=0200000h-0200007h -pidloc=IDLOC -AEEDATA=0F00000h-0F000FFh \
  -peeprom_data=EEDATA \
  -prdata=COMRAM,nvrram=COMRAM,nvbit=COMRAM,rbss=COMRAM,rbit=COMRAM \
  -pfarbss=FARRAM,fardata=FARRAM,nvFARRAM=FARRAM \
  -pintsave_regs=BIGRAM,bigbss=BIGRAM,bigdata=BIGRAM -pbss=RAM \
  -pidata=CODE,irdata=CODE,ibigdata=CODE,ifardata=CODE -prparam=COMRAM \
  C:\Users\mateu\AppData\Local\Temp\s6ds.obj \
  dist/default/production\Adri.X.production.obj 

Object code version is 3.11

Machine type is 18F4550

Call graph: (short form)




                Name                               Link     Load   Length Selector   Space Scale
C:\Users\mateu\AppData\Local\Temp\s6ds.obj
                init                                  E        E        4        4       0
                reset_vec                             0        0        4        0       0
                idloc                            200000   200000        8   200000       0
                config                           300000   300000        E   300000       0
dist/default/production\Adri.X.production.obj
                intcode                               8        8        6        4       0
                temp                                 3C       3C        1        1       1
                text24                              B82      B82       84        4       0
                text23                              C78      C78       70        4       0
                text22                              E3E      E3E       32        4       0
                text21                              938      938       9A        4       0
                text20                              EDA      EDA        E        4       0
                text19                              9D2      9D2       96        4       0
                text18                               12       12      244        4       0
                text17                              EE8      EE8        C        4       0
                text16                              A68      A68       94        4       0
                text15                              878      878       C0        4       0
                text14                              E92      E92       1E        4       0
                text13                              684      684      118        4       0
                intcode_body                        414      414      146        4       0
                text11                              AFC      AFC       86        4       0
                text10                              C06      C06       72        4       0
                text9                               E0C      E0C       32        4       0
                text8                               256      256      1BE        4       0
                text7                               55A      55A      12A        4       0
                text6                               D42      D42       56        4       0
                text5                               ECC      ECC        E        4       0
                text4                               CE8      CE8       5A        4       0
                text3                               79C      79C       DC        4       0
                text2                               DDA      DDA       32        4       0
                text1                               EB0      EB0       1C        4       0
                text0                               E70      E70       22        4       0
                cstackCOMRAM                          1        1       23        1       1
                cstackBANK0                          74       74       12       60       1
                bssBANK0                             60       60       14       60       1
                dataCOMRAM                           36       36        4        1       1
                bssCOMRAM                            24       24       12        1       1
                cinit                               D98      D98       42        4       0
                nvCOMRAM                             3A       3A        2        1       1
                idataCOMRAM                         EF4      EF4        4        4       0

TOTAL           Name                               Link     Load   Length     Space
        CLASS   STACK          

        CLASS   CODE           
                intcode                               8        8        6         0
                init                                  E        E        4         0
                reset_vec                             0        0        4         0
                text24                              B82      B82       84         0
                text23                              C78      C78       70         0
                text22                              E3E      E3E       32         0
                text21                              938      938       9A         0
                text20                              EDA      EDA        E         0
                text19                              9D2      9D2       96         0
                text18                               12       12      244         0
                text17                              EE8      EE8        C         0
                text16                              A68      A68       94         0
                text15                              878      878       C0         0
                text14                              E92      E92       1E         0
                text13                              684      684      118         0
                intcode_body                        414      414      146         0
                text11                              AFC      AFC       86         0
                text10                              C06      C06       72         0
                text9                               E0C      E0C       32         0
                text8                               256      256      1BE         0
                text7                               55A      55A      12A         0
                text6                               D42      D42       56         0
                text5                               ECC      ECC        E         0
                text4                               CE8      CE8       5A         0
                text3                               79C      79C       DC         0
                text2                               DDA      DDA       32         0
                text1                               EB0      EB0       1C         0
                text0                               E70      E70       22         0
                cinit                               D98      D98       42         0
                idataCOMRAM                         EF4      EF4        4         0

        CLASS   CONST          

        CLASS   SMALLCONST     

        CLASS   MEDIUMCONST    

        CLASS   COMRAM         
                temp                                 3C       3C        1         1
                cstackCOMRAM                          1        1       23         1
                dataCOMRAM                           36       36        4         1
                bssCOMRAM                            24       24       12         1
                nvCOMRAM                             3A       3A        2         1

        CLASS   ABS1           

        CLASS   BIGRAM         

        CLASS   RAM            

        CLASS   BANK0          
                cstackBANK0                          74       74       12         1
                bssBANK0                             60       60       14         1

        CLASS   BANK1          

        CLASS   BANK2          

        CLASS   BANK3          

        CLASS   BANK4          

        CLASS   BANK5          

        CLASS   BANK6          

        CLASS   BANK7          

        CLASS   SFR            

        CLASS   FARRAM         

        CLASS   CONFIG         
                config                           300000   300000        E         0

        CLASS   IDLOC          
                idloc                            200000   200000        8         0

        CLASS   EEDATA         



SEGMENTS        Name                           Load    Length   Top    Selector   Space  Class

                reset_vec                      000000  000004  000004         0       0  CODE    
                cstackCOMRAM                   000001  00003C  00003D         1       1  COMRAM  
                intcode                        000008  000EF0  000EF8         4       0  CODE    
                bssBANK0                       000060  000026  000086        60       1  BANK0   
                idloc                          200000  000008  200008    200000       0  IDLOC   
                config                         300000  00000E  30000E    300000       0  CONFIG  


UNUSED ADDRESS RANGES

        Name                Unused          Largest block    Delta
        BANK0            000086-0000FF               7A
        BANK1            000100-0001FF              100
        BANK2            000200-0002FF              100
        BANK3            000300-0003FF              100
        BANK4            000400-0004FF              100
        BANK5            000500-0005FF              100
        BANK6            000600-0006FF              100
        BANK7            000700-0007FF              100
        BIGRAM           00003D-00005F               23
                         000086-0007FF              77A
        CODE             000004-000007                4
                         000EF8-007FFF             7108
        COMRAM           00003D-00005F               23
        CONST            000004-000007                4
                         000EF8-007FFF             7108
        EEDATA           F00000-F000FF              100
        MEDIUMCONST      000EF8-007FFF             7108
        RAM              000086-0007FF              100
        SFR              000F60-000FFF               A0
        SMALLCONST       000EF8-007FFF              100
        STACK            000086-0007FF              77A

                                  Symbol Table

?___awdiv                        cstackBANK0  000074
?___awmod                        cstackBANK0  000074
?i2___awdiv                      cstackCOMRAM 000001
?i2___awmod                      cstackCOMRAM 000001
_ADCON1                          (abs)        000FC1
_EEADR                           (abs)        000FA9
_EECON1bits                      (abs)        000FA6
_EECON2                          (abs)        000FA7
_EEDATA                          (abs)        000FA8
_Hora                            nvCOMRAM     00003A
_INT0IE                          (abs)        007F94
_INT0IF                          (abs)        007F91
_INTCON                          (abs)        000FF2
_INTCONbits                      (abs)        000FF2
_INTEDG0                         (abs)        007F8E
_LATBbits                        (abs)        000F8A
_Min                             nvCOMRAM     00003B
_PIE1bits                        (abs)        000F9D
_PIR1bits                        (abs)        000F9E
_PIR2bits                        (abs)        000FA1
_PORTA                           (abs)        000F80
_PORTAbits                       (abs)        000F80
_PORTBbits                       (abs)        000F81
_PORTDbits                       (abs)        000F83
_RBPU                            (abs)        007F8F
_RCIF                            (abs)        007CF5
_RCONbits                        (abs)        000FD0
_RCREG                           (abs)        000FAE
_RCSTA                           (abs)        000FAB
_SPBRG                           (abs)        000FAF
_T0CON                           (abs)        000FD5
_TMR0                            (abs)        000FD6
_TMR0IF                          (abs)        007F92
_TMR0ON                          (abs)        007EAF
_TRISAbits                       (abs)        000F92
_TRISB                           (abs)        000F93
_TRISCbits                       (abs)        000F94
_TRISDbits                       (abs)        000F95
_TXIF                            (abs)        007CF4
_TXREG                           (abs)        000FAD
_TXSTA                           (abs)        000FAC
__CFG_BOR$ON                     (abs)        000000
__CFG_BORV$3                     (abs)        000000
__CFG_CCP2MX$ON                  (abs)        000000
__CFG_CP0$OFF                    (abs)        000000
__CFG_CP1$OFF                    (abs)        000000
__CFG_CP2$OFF                    (abs)        000000
__CFG_CP3$OFF                    (abs)        000000
__CFG_CPB$OFF                    (abs)        000000
__CFG_CPD$OFF                    (abs)        000000
__CFG_CPUDIV$OSC1_PLL2           (abs)        000000
__CFG_EBTR0$OFF                  (abs)        000000
__CFG_EBTR1$OFF                  (abs)        000000
__CFG_EBTR2$OFF                  (abs)        000000
__CFG_EBTR3$OFF                  (abs)        000000
__CFG_EBTRB$OFF                  (abs)        000000
__CFG_FCMEN$OFF                  (abs)        000000
__CFG_FOSC$HSPLL_HS              (abs)        000000
__CFG_ICPRT$OFF                  (abs)        000000
__CFG_IESO$OFF                   (abs)        000000
__CFG_LPT1OSC$OFF                (abs)        000000
__CFG_LVP$ON                     (abs)        000000
__CFG_MCLRE$ON                   (abs)        000000
__CFG_PBADEN$ON                  (abs)        000000
__CFG_PLLDIV$1                   (abs)        000000
__CFG_PWRT$OFF                   (abs)        000000
__CFG_STVREN$ON                  (abs)        000000
__CFG_USBDIV$1                   (abs)        000000
__CFG_VREGEN$OFF                 (abs)        000000
__CFG_WDT$OFF                    (abs)        000000
__CFG_WDTPS$32768                (abs)        000000
__CFG_WRT0$OFF                   (abs)        000000
__CFG_WRT1$OFF                   (abs)        000000
__CFG_WRT2$OFF                   (abs)        000000
__CFG_WRT3$OFF                   (abs)        000000
__CFG_WRTB$OFF                   (abs)        000000
__CFG_WRTC$OFF                   (abs)        000000
__CFG_WRTD$OFF                   (abs)        000000
__CFG_XINST$OFF                  (abs)        000000
__HRAM                           (abs)        000000
__Habs1                          abs1         000000
__Hbank0                         bank0        000000
__Hbank1                         bank1        000000
__Hbank2                         bank2        000000
__Hbank3                         bank3        000000
__Hbank4                         bank4        000000
__Hbank5                         bank5        000000
__Hbank6                         bank6        000000
__Hbank7                         bank7        000000
__Hbigbss                        bigbss       000000
__Hbigdata                       bigdata      000000
__Hbigram                        bigram       000000
__Hbss                           bss          000000
__HbssBANK0                      bssBANK0     000000
__HbssCOMRAM                     bssCOMRAM    000000
__Hcinit                         cinit        000000
__Hclrtext                       clrtext      000000
__Hcomram                        comram       000000
__Hconfig                        config       30000E
__Hconst                         const        000000
__HcstackBANK0                   cstackBANK0  000000
__HcstackCOMRAM                  cstackCOMRAM 000000
__Hdata                          data         000000
__HdataCOMRAM                    dataCOMRAM   000000
__Heeprom_data                   eeprom_data  000000
__Hfarbss                        farbss       000000
__Hfardata                       fardata      000000
__Hibigdata                      ibigdata     000000
__Hidata                         idata        000000
__HidataCOMRAM                   idataCOMRAM  000000
__Hidloc                         idloc        200008
__Hifardata                      ifardata     000000
__Hinit                          init         000012
__Hintcode                       intcode      00000E
__Hintcode_body                  intcode_body 000000
__Hintcodelo                     intcodelo    00000E
__Hintentry                      intentry     000000
__Hintret                        intret       000000
__Hintsave_regs                  intsave_regs 000000
__Hirdata                        irdata       000000
__Hmediumconst                   mediumconst  000000
__HnvCOMRAM                      nvCOMRAM     000000
__HnvFARRAM                      nvFARRAM     000000
__Hnvbit                         nvbit        000000
__Hnvrram                        nvrram       000000
__Hparam                         rparam       000000
__Hpowerup                       powerup      00000E
__Hram                           ram          000000
__Hramtop                        ramtop       000800
__Hrbit                          rbit         000000
__Hrbss                          rbss         000000
__Hrdata                         rdata        000000
__Hreset_vec                     reset_vec    000004
__Hrparam                        rparam       000000
__Hsfr                           sfr          000000
__Hsmallconst                    smallconst   000000
__Hspace_0                       (abs)        30000E
__Hspace_1                       (abs)        000086
__Hspace_2                       (abs)        000000
__Hstack                         stack        000000
__Hstruct                        struct       000000
__Htemp                          temp         00003D
__Htext                          text         000000
__Htext0                         text0        000000
__Htext1                         text1        000000
__Htext10                        text10       000000
__Htext11                        text11       000000
__Htext13                        text13       000000
__Htext14                        text14       000000
__Htext15                        text15       000000
__Htext16                        text16       000000
__Htext17                        text17       000000
__Htext18                        text18       000000
__Htext19                        text19       000000
__Htext2                         text2        000000
__Htext20                        text20       000000
__Htext21                        text21       000000
__Htext22                        text22       000000
__Htext23                        text23       000000
__Htext24                        text24       000000
__Htext3                         text3        000000
__Htext4                         text4        000000
__Htext5                         text5        000000
__Htext6                         text6        000000
__Htext7                         text7        000000
__Htext8                         text8        000000
__Htext9                         text9        000000
__LRAM                           (abs)        000001
__Labs1                          abs1         000000
__Lbank0                         bank0        000000
__Lbank1                         bank1        000000
__Lbank2                         bank2        000000
__Lbank3                         bank3        000000
__Lbank4                         bank4        000000
__Lbank5                         bank5        000000
__Lbank6                         bank6        000000
__Lbank7                         bank7        000000
__Lbigbss                        bigbss       000000
__Lbigdata                       bigdata      000000
__Lbigram                        bigram       000000
__Lbss                           bss          000000
__LbssBANK0                      bssBANK0     000000
__LbssCOMRAM                     bssCOMRAM    000000
__Lcinit                         cinit        000000
__Lclrtext                       clrtext      000000
__Lcomram                        comram       000000
__Lconfig                        config       300000
__Lconst                         const        000000
__LcstackBANK0                   cstackBANK0  000000
__LcstackCOMRAM                  cstackCOMRAM 000000
__Ldata                          data         000000
__LdataCOMRAM                    dataCOMRAM   000000
__Leeprom_data                   eeprom_data  000000
__Lfarbss                        farbss       000000
__Lfardata                       fardata      000000
__Libigdata                      ibigdata     000000
__Lidata                         idata        000000
__LidataCOMRAM                   idataCOMRAM  000000
__Lidloc                         idloc        200000
__Lifardata                      ifardata     000000
__Linit                          init         00000E
__Lintcode                       intcode      000008
__Lintcode_body                  intcode_body 000000
__Lintcodelo                     intcodelo    00000E
__Lintentry                      intentry     000000
__Lintret                        intret       000000
__Lintsave_regs                  intsave_regs 000000
__Lirdata                        irdata       000000
__Lmediumconst                   mediumconst  000000
__LnvCOMRAM                      nvCOMRAM     000000
__LnvFARRAM                      nvFARRAM     000000
__Lnvbit                         nvbit        000000
__Lnvrram                        nvrram       000000
__Lparam                         rparam       000000
__Lpowerup                       powerup      00000E
__Lram                           ram          000000
__Lramtop                        ramtop       000800
__Lrbit                          rbit         000000
__Lrbss                          rbss         000000
__Lrdata                         rdata        000000
__Lreset_vec                     reset_vec    000000
__Lrparam                        rparam       000000
__Lsfr                           sfr          000000
__Lsmallconst                    smallconst   000000
__Lspace_0                       (abs)        000000
__Lspace_1                       (abs)        000000
__Lspace_2                       (abs)        000000
__Lstack                         stack        000000
__Lstruct                        struct       000000
__Ltemp                          temp         00003C
__Ltext                          text         000000
__Ltext0                         text0        000000
__Ltext1                         text1        000000
__Ltext10                        text10       000000
__Ltext11                        text11       000000
__Ltext13                        text13       000000
__Ltext14                        text14       000000
__Ltext15                        text15       000000
__Ltext16                        text16       000000
__Ltext17                        text17       000000
__Ltext18                        text18       000000
__Ltext19                        text19       000000
__Ltext2                         text2        000000
__Ltext20                        text20       000000
__Ltext21                        text21       000000
__Ltext22                        text22       000000
__Ltext23                        text23       000000
__Ltext24                        text24       000000
__Ltext3                         text3        000000
__Ltext4                         text4        000000
__Ltext5                         text5        000000
__Ltext6                         text6        000000
__Ltext7                         text7        000000
__Ltext8                         text8        000000
__Ltext9                         text9        000000
__S0                             (abs)        30000E
__S1                             (abs)        000086
__S2                             (abs)        000000
___awdiv                         text11       000AFC
___awdiv@counter                 cstackBANK0  000078
___awdiv@dividend                cstackBANK0  000074
___awdiv@divisor                 cstackBANK0  000076
___awdiv@quotient                cstackBANK0  00007A
___awdiv@sign                    cstackBANK0  000079
___awmod                         text10       000C06
___awmod@counter                 cstackBANK0  000078
___awmod@dividend                cstackBANK0  000074
___awmod@divisor                 cstackBANK0  000076
___awmod@sign                    cstackBANK0  000079
___inthi_sp                      stack        000000
___intlo_sp                      stack        000000
___param_bank                    (abs)        000000
___rparam_used                   (abs)        000001
___sp                            stack        000000
__accesstop                      (abs)        000060
__activetblptr                   (abs)        000000
__end_of___awdiv                 text11       000B82
__end_of___awmod                 text10       000C78
__end_of__initialization         cinit        000DD0
__end_of_aciona                  text6        000D98
__end_of_atualiza_relogio        text4        000D42
__end_of_atualiza_relogio_blue   text19       000A68
__end_of_atualiza_remedio        text8        000414
__end_of_atualiza_variaveis      text3        000878
__end_of_cadastra_relogio        text21       0009D2
__end_of_comunica                text18       000256
__end_of_configura_pic           text2        000E0C
__end_of_configura_uart          text1        000ECC
__end_of_controle_servo          text7        000684
__end_of_enviaDados              text17       000EF4
__end_of_envia_dados_da_memoria  text16       000AFC
__end_of_envia_teste             text15       000938
__end_of_grava_eeprom            text9        000E3E
__end_of_incrementa_min          text14       000EB0
__end_of_le_eeprom               text5        000EDA
__end_of_main                    text0        000E92
__end_of_serial                  intcode_body 00055A
__end_of_verifica                text13       00079C
__end_ofi2___awdiv               text24       000C06
__end_ofi2___awmod               text23       000CE8
__end_ofi2_grava_eeprom          text22       000E70
__end_ofi2_le_eeprom             text20       000EE8
__initialization                 cinit        000D98
__mediumconst                    mediumconst  000000
__pbssBANK0                      bssBANK0     000060
__pbssCOMRAM                     bssCOMRAM    000024
__pcinit                         cinit        000D98
__pcstackBANK0                   cstackBANK0  000074
__pcstackCOMRAM                  cstackCOMRAM 000001
__pdataCOMRAM                    dataCOMRAM   000036
__pidataCOMRAM                   idataCOMRAM  000EF4
__pintcode                       intcode      000008
__pintcode_body                  intcode_body 000414
__pnvCOMRAM                      nvCOMRAM     00003A
__ptext0                         text0        000E70
__ptext1                         text1        000EB0
__ptext10                        text10       000C06
__ptext11                        text11       000AFC
__ptext13                        text13       000684
__ptext14                        text14       000E92
__ptext15                        text15       000878
__ptext16                        text16       000A68
__ptext17                        text17       000EE8
__ptext18                        text18       000012
__ptext19                        text19       0009D2
__ptext2                         text2        000DDA
__ptext20                        text20       000EDA
__ptext21                        text21       000938
__ptext22                        text22       000E3E
__ptext23                        text23       000C78
__ptext24                        text24       000B82
__ptext3                         text3        00079C
__ptext4                         text4        000CE8
__ptext5                         text5        000ECC
__ptext6                         text6        000D42
__ptext7                         text7        00055A
__ptext8                         text8        000256
__ptext9                         text9        000E0C
__ramtop                         ramtop       000800
__size_of___awdiv                (abs)        000000
__size_of___awmod                (abs)        000000
__size_of_aciona                 (abs)        000000
__size_of_atualiza_relogio       (abs)        000000
__size_of_atualiza_relogio_blue  (abs)        000000
__size_of_atualiza_remedio       (abs)        000000
__size_of_atualiza_variaveis     (abs)        000000
__size_of_cadastra_relogio       (abs)        000000
__size_of_comunica               (abs)        000000
__size_of_configura_pic          (abs)        000000
__size_of_configura_uart         (abs)        000000
__size_of_controle_servo         (abs)        000000
__size_of_enviaDados             (abs)        000000
__size_of_envia_dados_da_memoria (abs)        000000
__size_of_envia_teste            (abs)        000000
__size_of_grava_eeprom           (abs)        000000
__size_of_incrementa_min         (abs)        000000
__size_of_le_eeprom              (abs)        000000
__size_of_main                   (abs)        000000
__size_of_serial                 (abs)        000000
__size_of_verifica               (abs)        000000
__size_ofi2___awdiv              (abs)        000000
__size_ofi2___awmod              (abs)        000000
__size_ofi2_grava_eeprom         (abs)        000000
__size_ofi2_le_eeprom            (abs)        000000
__smallconst                     smallconst   000000
_aciona                          text6        000D42
_add_d_hora                      bssCOMRAM    00002D
_add_d_minuto                    dataCOMRAM   000038
_add_passo                       dataCOMRAM   000036
_add_u_hora                      dataCOMRAM   000039
_add_u_minuto                    dataCOMRAM   000037
_atualiza_relogio                text4        000CE8
_atualiza_relogio_blue           text19       0009D2
_atualiza_remedio                text8        000256
_atualiza_variaveis              text3        00079C
_botao                           bssCOMRAM    00002F
_cadastra_relogio                text21       000938
_comunica                        text18       000012
_configura_pic                   text2        000DDA
_configura_uart                  text1        000EB0
_controle_servo                  text7        00055A
_dado                            bssCOMRAM    000031
_enviaDados                      text17       000EE8
_envia_dados_da_memoria          text16       000A68
_envia_teste                     text15       000878
_flag                            bssCOMRAM    000032
_grava_eeprom                    text9        000E0C
_i                               bssCOMRAM    000035
_in                              bssCOMRAM    000034
_incrementa_min                  text14       000E92
_le_eeprom                       text5        000ECC
_led                             bssCOMRAM    000030
_libera                          bssCOMRAM    000033
_main                            text0        000E70
_pendencia_remedio               bssCOMRAM    000029
_remedio                         bssBANK0     000060
_seg                             bssCOMRAM    00002E
_serial                          intcode      000008
_string                          bssCOMRAM    000024
_verifica                        text13       000684
atualiza_relogio_blue@i          cstackCOMRAM 00000F
atualiza_remedio@count           cstackBANK0  000084
atualiza_remedio@dados           cstackBANK0  000083
atualiza_variaveis@count         cstackBANK0  000076
btemp                            temp         00003C
controle_servo@numero_do_remedio cstackBANK0  000076
end_of_initialization            cinit        000DD0
enviaDados@dados                 cstackCOMRAM 000001
envia_dados_da_memoria@indice    cstackCOMRAM 000002
grava_eeprom@address             cstackBANK0  00007C
grava_eeprom@data                cstackBANK0  00007E
i2___awdiv                       text24       000B82
i2___awdiv@counter               cstackCOMRAM 000005
i2___awdiv@dividend              cstackCOMRAM 000001
i2___awdiv@divisor               cstackCOMRAM 000003
i2___awdiv@quotient              cstackCOMRAM 000007
i2___awdiv@sign                  cstackCOMRAM 000006
i2___awmod                       text23       000C78
i2___awmod@counter               cstackCOMRAM 000005
i2___awmod@dividend              cstackCOMRAM 000001
i2___awmod@divisor               cstackCOMRAM 000003
i2___awmod@sign                  cstackCOMRAM 000006
i2_grava_eeprom                  text22       000E3E
i2_le_eeprom                     text20       000EDA
i2grava_eeprom@address           cstackCOMRAM 000009
i2grava_eeprom@data              cstackCOMRAM 00000B
i2le_eeprom@address              cstackCOMRAM 000001
int$flags                        temp         00003C
int_func                         intcode_body 000414
intlevel0                        text         000000
intlevel1                        text         000000
intlevel2                        text         000000
intlevel3                        text         000000
le_eeprom@address                cstackBANK0  000074
stackhi                          (abs)        0007FF
stacklo                          (abs)        000086
start                            init         00000E
start_initialization             cinit        000D98
verifica@count                   cstackCOMRAM 00000B
wtemp6                           temp         00003D


FUNCTION INFORMATION:

 *************** function _main *****************
 Defined at:
		line 3 in file "codigo_adri.c"
 Parameters:    Size  Location     Type
		None
 Auto vars:     Size  Location     Type
		None
 Return value:  Size  Location     Type
                  1    wreg      void 
 Registers used:
		wreg, fsr1l, fsr1h, fsr2l, fsr2h, status,2, status,0, prodl, prodh, cstack
 Tracked objects:
		On entry : 
		On exit  : 
		Unchanged: 
 Data sizes:     COMRAM   BANK0   BANK1   BANK2   BANK3   BANK4   BANK5   BANK6   BANK7
      Params:         0       0       0       0       0       0       0       0       0
      Locals:         0       0       0       0       0       0       0       0       0
      Temps:          0       0       0       0       0       0       0       0       0
      Totals:         0       0       0       0       0       0       0       0       0
Total ram usage:        0 bytes
 Hardware stack levels required when called:    7
 This function calls:
		_aciona
		_atualiza_relogio
		_atualiza_variaveis
		_configura_pic
		_configura_uart
		_controle_servo
 This function is called by:
		Startup code after reset
 This function uses a non-reentrant model


 *************** function _configura_uart *****************
 Defined at:
		line 178 in file "funcs.c"
 Parameters:    Size  Location     Type
		None
 Auto vars:     Size  Location     Type
		None
 Return value:  Size  Location     Type
                  1    wreg      void 
 Registers used:
		wreg, status,2
 Tracked objects:
		On entry : 
		On exit  : 
		Unchanged: 
 Data sizes:     COMRAM   BANK0   BANK1   BANK2   BANK3   BANK4   BANK5   BANK6   BANK7
      Params:         0       0       0       0       0       0       0       0       0
      Locals:         0       0       0       0       0       0       0       0       0
      Temps:          0       0       0       0       0       0       0       0       0
      Totals:         0       0       0       0       0       0       0       0       0
Total ram usage:        0 bytes
 Hardware stack levels used:    1
 Hardware stack levels required when called:    4
 This function calls:
		Nothing
 This function is called by:
		_main
 This function uses a non-reentrant model


 *************** function _configura_pic *****************
 Defined at:
		line 154 in file "funcs.c"
 Parameters:    Size  Location     Type
		None
 Auto vars:     Size  Location     Type
		None
 Return value:  Size  Location     Type
                  1    wreg      void 
 Registers used:
		wreg, status,2
 Tracked objects:
		On entry : 
		On exit  : 
		Unchanged: 
 Data sizes:     COMRAM   BANK0   BANK1   BANK2   BANK3   BANK4   BANK5   BANK6   BANK7
      Params:         0       0       0       0       0       0       0       0       0
      Locals:         0       0       0       0       0       0       0       0       0
      Temps:          0       0       0       0       0       0       0       0       0
      Totals:         0       0       0       0       0       0       0       0       0
Total ram usage:        0 bytes
 Hardware stack levels used:    1
 Hardware stack levels required when called:    4
 This function calls:
		Nothing
 This function is called by:
		_main
 This function uses a non-reentrant model


 *************** function _atualiza_variaveis *****************
 Defined at:
		line 39 in file "funcs.c"
 Parameters:    Size  Location     Type
		None
 Auto vars:     Size  Location     Type
  count           1    2[BANK0 ] unsigned char 
 Return value:  Size  Location     Type
                  1    wreg      void 
 Registers used:
		wreg, fsr2l, fsr2h, status,2, status,0, prodl, prodh, cstack
 Tracked objects:
		On entry : 
		On exit  : 
		Unchanged: 
 Data sizes:     COMRAM   BANK0   BANK1   BANK2   BANK3   BANK4   BANK5   BANK6   BANK7
      Params:         0       0       0       0       0       0       0       0       0
      Locals:         0       1       0       0       0       0       0       0       0
      Temps:          0       0       0       0       0       0       0       0       0
      Totals:         0       1       0       0       0       0       0       0       0
Total ram usage:        1 bytes
 Hardware stack levels used:    1
 Hardware stack levels required when called:    5
 This function calls:
		_le_eeprom
 This function is called by:
		_main
 This function uses a non-reentrant model


 *************** function _atualiza_relogio *****************
 Defined at:
		line 204 in file "funcs.c"
 Parameters:    Size  Location     Type
		None
 Auto vars:     Size  Location     Type
		None
 Return value:  Size  Location     Type
                  1    wreg      void 
 Registers used:
		wreg, status,2, status,0, prodl, prodh, cstack
 Tracked objects:
		On entry : 
		On exit  : 
		Unchanged: 
 Data sizes:     COMRAM   BANK0   BANK1   BANK2   BANK3   BANK4   BANK5   BANK6   BANK7
      Params:         0       0       0       0       0       0       0       0       0
      Locals:         0       0       0       0       0       0       0       0       0
      Temps:          0       0       0       0       0       0       0       0       0
      Totals:         0       0       0       0       0       0       0       0       0
Total ram usage:        0 bytes
 Hardware stack levels used:    1
 Hardware stack levels required when called:    5
 This function calls:
		_le_eeprom
 This function is called by:
		_main
 This function uses a non-reentrant model


 *************** function _le_eeprom *****************
 Defined at:
		line 130 in file "funcs.c"
 Parameters:    Size  Location     Type
  address         2    0[BANK0 ] int 
 Auto vars:     Size  Location     Type
		None
 Return value:  Size  Location     Type
                  1    wreg      unsigned char 
 Registers used:
		wreg, status,2
 Tracked objects:
		On entry : 
		On exit  : 
		Unchanged: 
 Data sizes:     COMRAM   BANK0   BANK1   BANK2   BANK3   BANK4   BANK5   BANK6   BANK7
      Params:         0       2       0       0       0       0       0       0       0
      Locals:         0       0       0       0       0       0       0       0       0
      Temps:          0       0       0       0       0       0       0       0       0
      Totals:         0       2       0       0       0       0       0       0       0
Total ram usage:        2 bytes
 Hardware stack levels used:    1
 Hardware stack levels required when called:    4
 This function calls:
		Nothing
 This function is called by:
		_atualiza_variaveis
		_atualiza_relogio
 This function uses a non-reentrant model


 *************** function _aciona *****************
 Defined at:
		line 5 in file "funcs.c"
 Parameters:    Size  Location     Type
		None
 Auto vars:     Size  Location     Type
		None
 Return value:  Size  Location     Type
                  1    wreg      void 
 Registers used:
		wreg, fsr1l, fsr1h, fsr2l, fsr2h, status,2, status,0, prodl, prodh, cstack
 Tracked objects:
		On entry : 
		On exit  : 
		Unchanged: 
 Data sizes:     COMRAM   BANK0   BANK1   BANK2   BANK3   BANK4   BANK5   BANK6   BANK7
      Params:         0       0       0       0       0       0       0       0       0
      Locals:         0       0       0       0       0       0       0       0       0
      Temps:          0       1       0       0       0       0       0       0       0
      Totals:         0       1       0       0       0       0       0       0       0
Total ram usage:        1 bytes
 Hardware stack levels used:    1
 Hardware stack levels required when called:    6
 This function calls:
		_atualiza_remedio
		_controle_servo
 This function is called by:
		_main
 This function uses a non-reentrant model


 *************** function _controle_servo *****************
 Defined at:
		line 69 in file "funcs.c"
 Parameters:    Size  Location     Type
  numero_do_re    1    wreg     unsigned char 
 Auto vars:     Size  Location     Type
  numero_do_re    1    2[BANK0 ] unsigned char 
 Return value:  Size  Location     Type
                  1    wreg      void 
 Registers used:
		wreg, status,2, status,0
 Tracked objects:
		On entry : 
		On exit  : 
		Unchanged: 
 Data sizes:     COMRAM   BANK0   BANK1   BANK2   BANK3   BANK4   BANK5   BANK6   BANK7
      Params:         0       0       0       0       0       0       0       0       0
      Locals:         0       1       0       0       0       0       0       0       0
      Temps:          0       2       0       0       0       0       0       0       0
      Totals:         0       3       0       0       0       0       0       0       0
Total ram usage:        3 bytes
 Hardware stack levels used:    1
 Hardware stack levels required when called:    4
 This function calls:
		Nothing
 This function is called by:
		_main
		_aciona
 This function uses a non-reentrant model


 *************** function _atualiza_remedio *****************
 Defined at:
		line 51 in file "funcs.c"
 Parameters:    Size  Location     Type
  count           1    wreg     unsigned char 
 Auto vars:     Size  Location     Type
  count           1   16[BANK0 ] unsigned char 
  dados           1   15[BANK0 ] unsigned char 
 Return value:  Size  Location     Type
                  1    wreg      void 
 Registers used:
		wreg, fsr1l, fsr1h, fsr2l, fsr2h, status,2, status,0, prodl, prodh, cstack
 Tracked objects:
		On entry : 
		On exit  : 
		Unchanged: 
 Data sizes:     COMRAM   BANK0   BANK1   BANK2   BANK3   BANK4   BANK5   BANK6   BANK7
      Params:         0       0       0       0       0       0       0       0       0
      Locals:         0       2       0       0       0       0       0       0       0
      Temps:          0       3       0       0       0       0       0       0       0
      Totals:         0       5       0       0       0       0       0       0       0
Total ram usage:        5 bytes
 Hardware stack levels used:    1
 Hardware stack levels required when called:    5
 This function calls:
		___awdiv
		___awmod
		_grava_eeprom
 This function is called by:
		_aciona
 This function uses a non-reentrant model


 *************** function _grava_eeprom *****************
 Defined at:
		line 109 in file "funcs.c"
 Parameters:    Size  Location     Type
  address         2    8[BANK0 ] int 
  data            1   10[BANK0 ] unsigned char 
 Auto vars:     Size  Location     Type
		None
 Return value:  Size  Location     Type
                  1    wreg      void 
 Registers used:
		wreg, status,2
 Tracked objects:
		On entry : 
		On exit  : 
		Unchanged: 
 Data sizes:     COMRAM   BANK0   BANK1   BANK2   BANK3   BANK4   BANK5   BANK6   BANK7
      Params:         0       3       0       0       0       0       0       0       0
      Locals:         0       0       0       0       0       0       0       0       0
      Temps:          0       1       0       0       0       0       0       0       0
      Totals:         0       4       0       0       0       0       0       0       0
Total ram usage:        4 bytes
 Hardware stack levels used:    1
 Hardware stack levels required when called:    4
 This function calls:
		Nothing
 This function is called by:
		_atualiza_remedio
 This function uses a non-reentrant model


 *************** function ___awmod *****************
 Defined at:
		line 8 in file "C:\Program Files (x86)\Microchip\xc8\v1.45\sources\common\awmod.c"
 Parameters:    Size  Location     Type
  dividend        2    0[BANK0 ] int 
  divisor         2    2[BANK0 ] int 
 Auto vars:     Size  Location     Type
  sign            1    5[BANK0 ] unsigned char 
  counter         1    4[BANK0 ] unsigned char 
 Return value:  Size  Location     Type
                  2    0[BANK0 ] int 
 Registers used:
		wreg, status,2, status,0
 Tracked objects:
		On entry : 
		On exit  : 
		Unchanged: 
 Data sizes:     COMRAM   BANK0   BANK1   BANK2   BANK3   BANK4   BANK5   BANK6   BANK7
      Params:         0       4       0       0       0       0       0       0       0
      Locals:         0       2       0       0       0       0       0       0       0
      Temps:          0       0       0       0       0       0       0       0       0
      Totals:         0       6       0       0       0       0       0       0       0
Total ram usage:        6 bytes
 Hardware stack levels used:    1
 Hardware stack levels required when called:    4
 This function calls:
		Nothing
 This function is called by:
		_atualiza_remedio
 This function uses a non-reentrant model


 *************** function ___awdiv *****************
 Defined at:
		line 8 in file "C:\Program Files (x86)\Microchip\xc8\v1.45\sources\common\awdiv.c"
 Parameters:    Size  Location     Type
  dividend        2    0[BANK0 ] int 
  divisor         2    2[BANK0 ] int 
 Auto vars:     Size  Location     Type
  quotient        2    6[BANK0 ] int 
  sign            1    5[BANK0 ] unsigned char 
  counter         1    4[BANK0 ] unsigned char 
 Return value:  Size  Location     Type
                  2    0[BANK0 ] int 
 Registers used:
		wreg, status,2, status,0
 Tracked objects:
		On entry : 
		On exit  : 
		Unchanged: 
 Data sizes:     COMRAM   BANK0   BANK1   BANK2   BANK3   BANK4   BANK5   BANK6   BANK7
      Params:         0       4       0       0       0       0       0       0       0
      Locals:         0       4       0       0       0       0       0       0       0
      Temps:          0       0       0       0       0       0       0       0       0
      Totals:         0       8       0       0       0       0       0       0       0
Total ram usage:        8 bytes
 Hardware stack levels used:    1
 Hardware stack levels required when called:    4
 This function calls:
		Nothing
 This function is called by:
		_atualiza_remedio
 This function uses a non-reentrant model


 *************** function _serial *****************
 Defined at:
		line 281 in file "funcs.c"
 Parameters:    Size  Location     Type
		None
 Auto vars:     Size  Location     Type
		None
 Return value:  Size  Location     Type
                  1    wreg      void 
 Registers used:
		wreg, fsr1l, fsr1h, fsr2l, fsr2h, status,2, status,0, prodl, prodh, cstack
 Tracked objects:
		On entry : 
		On exit  : 
		Unchanged: 
 Data sizes:     COMRAM   BANK0   BANK1   BANK2   BANK3   BANK4   BANK5   BANK6   BANK7
      Params:         0       0       0       0       0       0       0       0       0
      Locals:         0       0       0       0       0       0       0       0       0
      Temps:         19       0       0       0       0       0       0       0       0
      Totals:        19       0       0       0       0       0       0       0       0
Total ram usage:       19 bytes
 Hardware stack levels used:    1
 Hardware stack levels required when called:    3
 This function calls:
		_cadastra_relogio
		_comunica
		_envia_teste
		_incrementa_min
		_verifica
 This function is called by:
		Interrupt level 2
 This function uses a non-reentrant model


 *************** function _verifica *****************
 Defined at:
		line 22 in file "funcs.c"
 Parameters:    Size  Location     Type
		None
 Auto vars:     Size  Location     Type
  count           1   10[COMRAM] unsigned char 
 Return value:  Size  Location     Type
                  1    wreg      void 
 Registers used:
		wreg, fsr2l, fsr2h, status,2, status,0, prodl, prodh, cstack
 Tracked objects:
		On entry : 
		On exit  : 
		Unchanged: 
 Data sizes:     COMRAM   BANK0   BANK1   BANK2   BANK3   BANK4   BANK5   BANK6   BANK7
      Params:         0       0       0       0       0       0       0       0       0
      Locals:         1       0       0       0       0       0       0       0       0
      Temps:          2       0       0       0       0       0       0       0       0
      Totals:         3       0       0       0       0       0       0       0       0
Total ram usage:        3 bytes
 Hardware stack levels used:    1
 Hardware stack levels required when called:    1
 This function calls:
		i2___awdiv
		i2___awmod
 This function is called by:
		_serial
 This function uses a non-reentrant model


 *************** function _incrementa_min *****************
 Defined at:
		line 193 in file "funcs.c"
 Parameters:    Size  Location     Type
		None
 Auto vars:     Size  Location     Type
		None
 Return value:  Size  Location     Type
                  1    wreg      void 
 Registers used:
		wreg, status,2, status,0
 Tracked objects:
		On entry : 
		On exit  : 
		Unchanged: 
 Data sizes:     COMRAM   BANK0   BANK1   BANK2   BANK3   BANK4   BANK5   BANK6   BANK7
      Params:         0       0       0       0       0       0       0       0       0
      Locals:         0       0       0       0       0       0       0       0       0
      Temps:          0       0       0       0       0       0       0       0       0
      Totals:         0       0       0       0       0       0       0       0       0
Total ram usage:        0 bytes
 Hardware stack levels used:    1
 This function calls:
		Nothing
 This function is called by:
		_serial
 This function uses a non-reentrant model


 *************** function _envia_teste *****************
 Defined at:
		line 232 in file "funcs.c"
 Parameters:    Size  Location     Type
		None
 Auto vars:     Size  Location     Type
		None
 Return value:  Size  Location     Type
                  1    wreg      void 
 Registers used:
		wreg, fsr2l, fsr2h, status,2, status,0, prodl, prodh, cstack
 Tracked objects:
		On entry : 
		On exit  : 
		Unchanged: 
 Data sizes:     COMRAM   BANK0   BANK1   BANK2   BANK3   BANK4   BANK5   BANK6   BANK7
      Params:         0       0       0       0       0       0       0       0       0
      Locals:         0       0       0       0       0       0       0       0       0
      Temps:          0       0       0       0       0       0       0       0       0
      Totals:         0       0       0       0       0       0       0       0       0
Total ram usage:        0 bytes
 Hardware stack levels used:    1
 Hardware stack levels required when called:    2
 This function calls:
		_enviaDados
		_envia_dados_da_memoria
		i2___awdiv
		i2___awmod
 This function is called by:
		_serial
 This function uses a non-reentrant model


 *************** function _envia_dados_da_memoria *****************
 Defined at:
		line 335 in file "funcs.c"
 Parameters:    Size  Location     Type
		None
 Auto vars:     Size  Location     Type
  indice          1    1[COMRAM] unsigned char 
 Return value:  Size  Location     Type
                  1    wreg      void 
 Registers used:
		wreg, fsr2l, fsr2h, status,2, status,0, prodl, prodh, cstack
 Tracked objects:
		On entry : 
		On exit  : 
		Unchanged: 
 Data sizes:     COMRAM   BANK0   BANK1   BANK2   BANK3   BANK4   BANK5   BANK6   BANK7
      Params:         0       0       0       0       0       0       0       0       0
      Locals:         1       0       0       0       0       0       0       0       0
      Temps:          0       0       0       0       0       0       0       0       0
      Totals:         1       0       0       0       0       0       0       0       0
Total ram usage:        1 bytes
 Hardware stack levels used:    1
 Hardware stack levels required when called:    1
 This function calls:
		_enviaDados
 This function is called by:
		_envia_teste
 This function uses a non-reentrant model


 *************** function _enviaDados *****************
 Defined at:
		line 140 in file "funcs.c"
 Parameters:    Size  Location     Type
  dados           1    wreg     unsigned char 
 Auto vars:     Size  Location     Type
  dados           1    0[COMRAM] unsigned char 
 Return value:  Size  Location     Type
                  1    wreg      void 
 Registers used:
		wreg
 Tracked objects:
		On entry : 
		On exit  : 
		Unchanged: 
 Data sizes:     COMRAM   BANK0   BANK1   BANK2   BANK3   BANK4   BANK5   BANK6   BANK7
      Params:         0       0       0       0       0       0       0       0       0
      Locals:         1       0       0       0       0       0       0       0       0
      Temps:          0       0       0       0       0       0       0       0       0
      Totals:         1       0       0       0       0       0       0       0       0
Total ram usage:        1 bytes
 Hardware stack levels used:    1
 This function calls:
		Nothing
 This function is called by:
		_envia_teste
		_envia_dados_da_memoria
 This function uses a non-reentrant model


 *************** function _comunica *****************
 Defined at:
		line 248 in file "funcs.c"
 Parameters:    Size  Location     Type
		None
 Auto vars:     Size  Location     Type
		None
 Return value:  Size  Location     Type
                  1    wreg      void 
 Registers used:
		wreg, fsr1l, fsr1h, fsr2l, fsr2h, status,2, status,0, prodl, prodh, cstack
 Tracked objects:
		On entry : 
		On exit  : 
		Unchanged: 
 Data sizes:     COMRAM   BANK0   BANK1   BANK2   BANK3   BANK4   BANK5   BANK6   BANK7
      Params:         0       0       0       0       0       0       0       0       0
      Locals:         0       0       0       0       0       0       0       0       0
      Temps:          1       0       0       0       0       0       0       0       0
      Totals:         1       0       0       0       0       0       0       0       0
Total ram usage:        1 bytes
 Hardware stack levels used:    1
 Hardware stack levels required when called:    2
 This function calls:
		_atualiza_relogio_blue
		i2___awdiv
		i2___awmod
		i2_grava_eeprom
 This function is called by:
		_serial
 This function uses a non-reentrant model


 *************** function _atualiza_relogio_blue *****************
 Defined at:
		line 211 in file "funcs.c"
 Parameters:    Size  Location     Type
		None
 Auto vars:     Size  Location     Type
  i               1   14[COMRAM] unsigned char 
 Return value:  Size  Location     Type
                  1    wreg      void 
 Registers used:
		wreg, fsr2l, fsr2h, status,2, status,0, prodl, prodh, cstack
 Tracked objects:
		On entry : 
		On exit  : 
		Unchanged: 
 Data sizes:     COMRAM   BANK0   BANK1   BANK2   BANK3   BANK4   BANK5   BANK6   BANK7
      Params:         0       0       0       0       0       0       0       0       0
      Locals:         1       0       0       0       0       0       0       0       0
      Temps:          2       0       0       0       0       0       0       0       0
      Totals:         3       0       0       0       0       0       0       0       0
Total ram usage:        3 bytes
 Hardware stack levels used:    1
 Hardware stack levels required when called:    1
 This function calls:
		i2_grava_eeprom
		i2_le_eeprom
 This function is called by:
		_comunica
 This function uses a non-reentrant model


 *************** function i2_le_eeprom *****************
 Defined at:
		line 130 in file "funcs.c"
 Parameters:    Size  Location     Type
  address         2    0[COMRAM] int 
 Auto vars:     Size  Location     Type
		None
 Return value:  Size  Location     Type
                  1    wreg      unsigned char 
 Registers used:
		wreg, status,2
 Tracked objects:
		On entry : 
		On exit  : 
		Unchanged: 
 Data sizes:     COMRAM   BANK0   BANK1   BANK2   BANK3   BANK4   BANK5   BANK6   BANK7
      Params:         2       0       0       0       0       0       0       0       0
      Locals:         0       0       0       0       0       0       0       0       0
      Temps:          0       0       0       0       0       0       0       0       0
      Totals:         2       0       0       0       0       0       0       0       0
Total ram usage:        2 bytes
 Hardware stack levels used:    1
 This function calls:
		Nothing
 This function is called by:
		_atualiza_relogio_blue
 This function uses a non-reentrant model


 *************** function _cadastra_relogio *****************
 Defined at:
		line 224 in file "funcs.c"
 Parameters:    Size  Location     Type
		None
 Auto vars:     Size  Location     Type
		None
 Return value:  Size  Location     Type
                  1    wreg      void 
 Registers used:
		wreg, status,2, status,0, cstack
 Tracked objects:
		On entry : 
		On exit  : 
		Unchanged: 
 Data sizes:     COMRAM   BANK0   BANK1   BANK2   BANK3   BANK4   BANK5   BANK6   BANK7
      Params:         0       0       0       0       0       0       0       0       0
      Locals:         0       0       0       0       0       0       0       0       0
      Temps:          0       0       0       0       0       0       0       0       0
      Totals:         0       0       0       0       0       0       0       0       0
Total ram usage:        0 bytes
 Hardware stack levels used:    1
 Hardware stack levels required when called:    1
 This function calls:
		i2___awdiv
		i2___awmod
		i2_grava_eeprom
 This function is called by:
		_serial
 This function uses a non-reentrant model


 *************** function i2_grava_eeprom *****************
 Defined at:
		line 109 in file "funcs.c"
 Parameters:    Size  Location     Type
  address         2    8[COMRAM] int 
  data            1   10[COMRAM] unsigned char 
 Auto vars:     Size  Location     Type
		None
 Return value:  Size  Location     Type
                  1    wreg      void 
 Registers used:
		wreg, status,2
 Tracked objects:
		On entry : 
		On exit  : 
		Unchanged: 
 Data sizes:     COMRAM   BANK0   BANK1   BANK2   BANK3   BANK4   BANK5   BANK6   BANK7
      Params:         3       0       0       0       0       0       0       0       0
      Locals:         0       0       0       0       0       0       0       0       0
      Temps:          1       0       0       0       0       0       0       0       0
      Totals:         4       0       0       0       0       0       0       0       0
Total ram usage:        4 bytes
 Hardware stack levels used:    1
 This function calls:
		Nothing
 This function is called by:
		_atualiza_relogio_blue
		_cadastra_relogio
		_comunica
 This function uses a non-reentrant model


 *************** function i2___awmod *****************
 Defined at:
		line 8 in file "C:\Program Files (x86)\Microchip\xc8\v1.45\sources\common\awmod.c"
 Parameters:    Size  Location     Type
  dividend        2    0[COMRAM] int 
  divisor         2    2[COMRAM] int 
 Auto vars:     Size  Location     Type
  __awmod         1    5[COMRAM] unsigned char 
  __awmod         1    4[COMRAM] unsigned char 
 Return value:  Size  Location     Type
                  2    0[COMRAM] int 
 Registers used:
		wreg, status,2, status,0
 Tracked objects:
		On entry : 
		On exit  : 
		Unchanged: 
 Data sizes:     COMRAM   BANK0   BANK1   BANK2   BANK3   BANK4   BANK5   BANK6   BANK7
      Params:         4       0       0       0       0       0       0       0       0
      Locals:         2       0       0       0       0       0       0       0       0
      Temps:          0       0       0       0       0       0       0       0       0
      Totals:         6       0       0       0       0       0       0       0       0
Total ram usage:        6 bytes
 Hardware stack levels used:    1
 This function calls:
		Nothing
 This function is called by:
		_verifica
		_cadastra_relogio
		_envia_teste
		_comunica
 This function uses a non-reentrant model


 *************** function i2___awdiv *****************
 Defined at:
		line 8 in file "C:\Program Files (x86)\Microchip\xc8\v1.45\sources\common\awdiv.c"
 Parameters:    Size  Location     Type
  dividend        2    0[COMRAM] int 
  divisor         2    2[COMRAM] int 
 Auto vars:     Size  Location     Type
  __awdiv         2    6[COMRAM] int 
  __awdiv         1    5[COMRAM] unsigned char 
  __awdiv         1    4[COMRAM] unsigned char 
 Return value:  Size  Location     Type
                  2    0[COMRAM] int 
 Registers used:
		wreg, status,2, status,0
 Tracked objects:
		On entry : 
		On exit  : 
		Unchanged: 
 Data sizes:     COMRAM   BANK0   BANK1   BANK2   BANK3   BANK4   BANK5   BANK6   BANK7
      Params:         4       0       0       0       0       0       0       0       0
      Locals:         4       0       0       0       0       0       0       0       0
      Temps:          0       0       0       0       0       0       0       0       0
      Totals:         8       0       0       0       0       0       0       0       0
Total ram usage:        8 bytes
 Hardware stack levels used:    1
 This function calls:
		Nothing
 This function is called by:
		_verifica
		_cadastra_relogio
		_envia_teste
		_comunica
 This function uses a non-reentrant model



MODULE INFORMATION

Module		Function		Class		Link	Load	Size
funcs.c
		_cadastra_relogio		CODE           	0938	0000	155
		_configura_pic 		CODE           	0DDA	0000	51
		_verifica      		CODE           	0684	0000	281
		_serial        		CODE           	0008	0000	333
		_incrementa_min		CODE           	0E92	0000	31
		_configura_uart		CODE           	0EB0	0000	29
		_envia_dados_da_memoria		CODE           	0A68	0000	149
		_atualiza_variaveis		CODE           	079C	0000	221
		_comunica      		CODE           	0012	0000	581
		_enviaDados    		CODE           	0EE8	0000	13
		_le_eeprom     		CODE           	0ECC	0000	15
		_aciona        		CODE           	0D42	0000	87
		_controle_servo		CODE           	055A	0000	299
		_atualiza_remedio		CODE           	0256	0000	447
		_atualiza_relogio		CODE           	0CE8	0000	91
		_envia_teste   		CODE           	0878	0000	193
		_grava_eeprom  		CODE           	0E0C	0000	51
		_atualiza_relogio_blue		CODE           	09D2	0000	151

funcs.c estimated size: 3178

C:\Program Files (x86)\Microchip\xc8\v1.45\sources\common\awmod.c
		___awmod       		CODE           	0C06	0000	115

C:\Program Files (x86)\Microchip\xc8\v1.45\sources\common\awmod.c estimated size: 115

shared
		i2_grava_eeprom		CODE           	0E3E	0000	51
		i2___awdiv     		CODE           	0B82	0000	133
		__initialization		CODE           	0D98	0000	57
		i2___awmod     		CODE           	0C78	0000	113
		i2_le_eeprom   		CODE           	0EDA	0000	15

shared estimated size: 369

C:\Program Files (x86)\Microchip\xc8\v1.45\sources\common\awdiv.c
		___awdiv       		CODE           	0AFC	0000	135

C:\Program Files (x86)\Microchip\xc8\v1.45\sources\common\awdiv.c estimated size: 135

codigo_adri.c
		_main          		CODE           	0E70	0000	35

codigo_adri.c estimated size: 35

